
> topper-mantra@1.0.0 build
> vite build

[36mvite v5.4.21 [32mbuilding for production...[36m[39m
transforming...
node.exe : [33m[vite:css] Gradient has outdated direction syntax. New syntax is like `closest-side at 0 0` instead of 
`0 0, closest-side`.
At C:\Program Files\nodejs\npm.ps1:29 char:3
+   & $NODE_EXE $NPM_CLI_JS $args
+   ~~~~~~~~~~~~~~~~~~~~~~~~~~~~~
    + CategoryInfo          : NotSpecified: ([33m[vite:css]... closest-side`.:String) [], RemoteException
    + FullyQualifiedErrorId : NativeCommandError
 
[39m
[33m[vite:css] Gradient has outdated direction syntax. New syntax is like `closest-side at 0 0` instead of `0 0, 
closest-side`.
[39m
[33m[vite:css] Gradient has outdated direction syntax. New syntax is like `closest-side at 0 0` instead of `0 0, 
closest-side`.
[39m
[33m[vite:css] Gradient has outdated direction syntax. New syntax is like `closest-side at 0 0` instead of `0 0, 
closest-side`.
[39m
[32mΓ£ô[39m 2218 modules transformed.
[31mx[39m Build failed in 5.30s
[31merror during build:
[31msrc/components/Footer.jsx (5:2): "Twitter" is not exported by 
"node_modules/lucide-react/dist/esm/lucide-react.mjs", imported by "src/components/Footer.jsx".[31m
file: 
[36mC:/Users/shray/OneDrive/Documents/Desktop/CODING/toppr-mantra/toppr-mantra/src/components/Footer.jsx:5:2[31m
[33m
3: import { Button } from "./ui/Button";
4: import { 
5:   Twitter, Linkedin, Instagram, Github, 
     ^
6:   ArrowRight, Mail
7: } from "lucide-react";
[31m
    at getRollupError (file:///C:/Users/shray/OneDrive/Documents/Desktop/CODING/toppr-mantra/toppr-mantra/node_modules/
rollup/dist/es/shared/parseAst.js:317:41)
    at error (file:///C:/Users/shray/OneDrive/Documents/Desktop/CODING/toppr-mantra/toppr-mantra/node_modules/rollup/di
st/es/shared/parseAst.js:313:42)
    at Module.error (file:///C:/Users/shray/OneDrive/Documents/Desktop/CODING/toppr-mantra/toppr-mantra/node_modules/ro
llup/dist/es/shared/node-entry.js:17396:16)
    at Module.traceVariable (file:///C:/Users/shray/OneDrive/Documents/Desktop/CODING/toppr-mantra/toppr-mantra/node_mo
dules/rollup/dist/es/shared/node-entry.js:17829:29)
    at ModuleScope.findVariable (file:///C:/Users/shray/OneDrive/Documents/Desktop/CODING/toppr-mantra/toppr-mantra/nod
e_modules/rollup/dist/es/shared/node-entry.js:15419:39)
    at Identifier.bind (file:///C:/Users/shray/OneDrive/Documents/Desktop/CODING/toppr-mantra/toppr-mantra/node_modules
/rollup/dist/es/shared/node-entry.js:5451:40)
    at CallExpression.bind (file:///C:/Users/shray/OneDrive/Documents/Desktop/CODING/toppr-mantra/toppr-mantra/node_mod
ules/rollup/dist/es/shared/node-entry.js:2829:28)
    at CallExpression.bind (file:///C:/Users/shray/OneDrive/Documents/Desktop/CODING/toppr-mantra/toppr-mantra/node_mod
ules/rollup/dist/es/shared/node-entry.js:12528:15)
    at Property.bind (file:///C:/Users/shray/OneDrive/Documents/Desktop/CODING/toppr-mantra/toppr-mantra/node_modules/r
ollup/dist/es/shared/node-entry.js:2833:23)
    at ObjectExpression.bind (file:///C:/Users/shray/OneDrive/Documents/Desktop/CODING/toppr-mantra/toppr-mantra/node_m
odules/rollup/dist/es/shared/node-entry.js:2829:28)[39m
